
> frontend@0.1.0 start
> react-scripts start

Attempting to bind to HOST environment variable: 127.0.0.1
If this was unintentional, check that you haven't mistakenly set it in your shell.
Learn more here: https://cra.link/advanced-config

Browserslist: browsers data (caniuse-lite) is 8 months old. Please run:
  npx update-browserslist-db@latest
  Why you should do it regularly: https://github.com/browserslist/update-db#readme
(node:34802) [DEP_WEBPACK_DEV_SERVER_ON_AFTER_SETUP_MIDDLEWARE] DeprecationWarning: 'onAfterSetupMiddleware' option is deprecated. Please use the 'setupMiddlewares' option.
(Use `node --trace-deprecation ...` to show where the warning was created)
(node:34802) [DEP_WEBPACK_DEV_SERVER_ON_BEFORE_SETUP_MIDDLEWARE] DeprecationWarning: 'onBeforeSetupMiddleware' option is deprecated. Please use the 'setupMiddlewares' option.
Starting the development server...

Compiled with warnings.

[eslint] 
src/components/maps/BasesGoogleMap.jsx
  Line 64:10:    'ready' is assigned a value but never used                                                                                                                                                                                       no-unused-vars
  Line 117:103:  Unnecessary escape character: \"                                                                                                                                                                                                 no-useless-escape
  Line 117:115:  Unnecessary escape character: \"                                                                                                                                                                                                 no-useless-escape
  Line 158:15:   'zm' is assigned a value but never used                                                                                                                                                                                          no-unused-vars
  Line 204:6:    React Hook useEffect has a missing dependency: 'onSelect'. Either include it or remove the dependency array. If 'onSelect' changes too often, find the parent component that defines it and wrap that definition in useCallback  react-hooks/exhaustive-deps

src/components/maps/BasesOSMMap.jsx
  Line 37:7:     'SA_BOUNDS' is assigned a value but never used                                                                                                                                                                                   no-unused-vars
  Line 107:103:  Unnecessary escape character: \"                                                                                                                                                                                                 no-useless-escape
  Line 107:116:  Unnecessary escape character: \"                                                                                                                                                                                                 no-useless-escape
  Line 171:6:    React Hook useEffect has a missing dependency: 'onSelect'. Either include it or remove the dependency array. If 'onSelect' changes too often, find the parent component that defines it and wrap that definition in useCallback  react-hooks/exhaustive-deps

src/pages/DashboardPage.jsx
  Line 126:7:    The href attribute requires a valid value to be accessible. Provide a valid, navigable address as the href value. If you cannot provide a valid href, but still need the element to resemble a link, use a button and change it with appropriate styles. Learn more: https://github.com/jsx-eslint/eslint-plugin-jsx-a11y/blob/HEAD/docs/rules/anchor-is-valid.md  jsx-a11y/anchor-is-valid
  Line 523:9:    'bases' is assigned a value but never used                                                                                                                                                                                                                                                                                                                         no-unused-vars
  Line 526:9:    'countsByBase' is assigned a value but never used                                                                                                                                                                                                                                                                                                                  no-unused-vars
  Line 564:9:    'maxMust' is assigned a value but never used                                                                                                                                                                                                                                                                                                                       no-unused-vars
  Line 565:9:    'maxReady' is assigned a value but never used                                                                                                                                                                                                                                                                                                                      no-unused-vars
  Line 623:9:    The 'units' logical expression could make the dependencies of useMemo Hook (at line 634) change on every render. Move it inside the useMemo callback. Alternatively, wrap the initialization of 'units' in its own useMemo() Hook                                                                                                                                  react-hooks/exhaustive-deps
  Line 624:9:    The 'bases' logical expression could make the dependencies of useMemo Hook (at line 625) change on every render. Move it inside the useMemo callback. Alternatively, wrap the initialization of 'bases' in its own useMemo() Hook                                                                                                                                  react-hooks/exhaustive-deps
  Line 751:42:   React Hook useEffect has a missing dependency: 'initial'. Either include it or remove the dependency array                                                                                                                                                                                                                                                         react-hooks/exhaustive-deps
  Line 1040:10:  'RecentActivities' is defined but never used                                                                                                                                                                                                                                                                                                                       no-unused-vars

Search for the keywords to learn more about each warning.
To ignore, add // eslint-disable-next-line to the line before.

WARNING in [eslint] 
src/components/maps/BasesGoogleMap.jsx
  Line 64:10:    'ready' is assigned a value but never used                                                                                                                                                                                       no-unused-vars
  Line 117:103:  Unnecessary escape character: \"                                                                                                                                                                                                 no-useless-escape
  Line 117:115:  Unnecessary escape character: \"                                                                                                                                                                                                 no-useless-escape
  Line 158:15:   'zm' is assigned a value but never used                                                                                                                                                                                          no-unused-vars
  Line 204:6:    React Hook useEffect has a missing dependency: 'onSelect'. Either include it or remove the dependency array. If 'onSelect' changes too often, find the parent component that defines it and wrap that definition in useCallback  react-hooks/exhaustive-deps

src/components/maps/BasesOSMMap.jsx
  Line 37:7:     'SA_BOUNDS' is assigned a value but never used                                                                                                                                                                                   no-unused-vars
  Line 107:103:  Unnecessary escape character: \"                                                                                                                                                                                                 no-useless-escape
  Line 107:116:  Unnecessary escape character: \"                                                                                                                                                                                                 no-useless-escape
  Line 171:6:    React Hook useEffect has a missing dependency: 'onSelect'. Either include it or remove the dependency array. If 'onSelect' changes too often, find the parent component that defines it and wrap that definition in useCallback  react-hooks/exhaustive-deps

src/pages/DashboardPage.jsx
  Line 126:7:    The href attribute requires a valid value to be accessible. Provide a valid, navigable address as the href value. If you cannot provide a valid href, but still need the element to resemble a link, use a button and change it with appropriate styles. Learn more: https://github.com/jsx-eslint/eslint-plugin-jsx-a11y/blob/HEAD/docs/rules/anchor-is-valid.md  jsx-a11y/anchor-is-valid
  Line 523:9:    'bases' is assigned a value but never used                                                                                                                                                                                                                                                                                                                         no-unused-vars
  Line 526:9:    'countsByBase' is assigned a value but never used                                                                                                                                                                                                                                                                                                                  no-unused-vars
  Line 564:9:    'maxMust' is assigned a value but never used                                                                                                                                                                                                                                                                                                                       no-unused-vars
  Line 565:9:    'maxReady' is assigned a value but never used                                                                                                                                                                                                                                                                                                                      no-unused-vars
  Line 623:9:    The 'units' logical expression could make the dependencies of useMemo Hook (at line 634) change on every render. Move it inside the useMemo callback. Alternatively, wrap the initialization of 'units' in its own useMemo() Hook                                                                                                                                  react-hooks/exhaustive-deps
  Line 624:9:    The 'bases' logical expression could make the dependencies of useMemo Hook (at line 625) change on every render. Move it inside the useMemo callback. Alternatively, wrap the initialization of 'bases' in its own useMemo() Hook                                                                                                                                  react-hooks/exhaustive-deps
  Line 751:42:   React Hook useEffect has a missing dependency: 'initial'. Either include it or remove the dependency array                                                                                                                                                                                                                                                         react-hooks/exhaustive-deps
  Line 1040:10:  'RecentActivities' is defined but never used                                                                                                                                                                                                                                                                                                                       no-unused-vars

webpack compiled with 1 warning
